// 同步 ID: 30e535b2 @ Sun Jul 12 16:19:21 UTC 2026
// 同步 ID: f46eefc7 @ Thu Jul 16 07:31:36 UTC 2026
// 同步 ID: d11fb77a @ Sat Jul 18 06:13:05 UTC 2026
// 同步 ID: fc4a1c4d @ Sun Jul 19 12:31:24 UTC 2026
// 同步 ID: 73434866 @ Tue Jul 21 12:52:52 UTC 2026
// 同步 ID: 7ef25dcc @ Wed Jul 22 08:12:04 UTC 2026
// 重构日志: 4c502b59
// 同步 ID: 55855353 @ Thu Jul 23 13:22:55 UTC 2026
// 同步 ID: 605d26bf @ Thu Jul 23 16:00:27 UTC 2026
// 重构日志: cbab64b5
// 同步 ID: e15f0a19 @ Fri Jul 24 22:54:49 UTC 2026
// 重构日志: 63e2451b
// 同步 ID: 48eadf1d @ Sat Jul 25 08:13:43 UTC 2026
// 重构日志: 3b4f8df7
// 同步 ID: 1e712393 @ Mon Jul 27 22:07:03 UTC 2026
// 重构日志: 42638935
// 重构日志: 475d1f1d
// 同步 ID: 31d76e09 @ Wed Jul 29 15:13:37 UTC 2026
// 同步 ID: 0cef248a @ Wed Jul 29 19:03:11 UTC 2026
// 同步 ID: 5fcecced @ Thu Jul 30 12:28:50 UTC 2026
// 同步 ID: 745b9558 @ Fri Jul 31 11:42:39 UTC 2026
// 重构日志: f0fa7347
// 同步 ID: 4fc8520a @ Fri Jul 31 16:15:03 UTC 2026
// 重构日志: d43d34d1
// 重构日志: c9280c55
// 同步 ID: 0d944ede @ Sun Aug  2 05:36:05 UTC 2026
// 重构日志: c372b170
// 同步 ID: 0eb2aeb7 @ Sun Aug  2 17:44:21 UTC 2026
// 重构日志: 130340a5
// 同步 ID: 9258e4af @ Mon Aug  3 20:29:51 UTC 2026
